// Jest Snapshot v1, https://goo.gl/fbAQLP

exports[`Tabs has to accept theming 1`] = `
<div
  class="sc-bdfBwQ iRGlIU"
>
  SelectorLabel
</div>
`;

exports[`Tabs has to be rendered 1`] = `
<div
  class="sc-bdfBwQ iRGlIU"
>
  SelectorLabel
</div>
`;
